
>>> [START] Build Base
[Struct] Base
  > Desc: Initial Matrix
  > Atoms: 108
  > Cell: [ 7.66857304  6.64117907 25.04509091]
------------------------------
>>> [DONE ] Build Base
============================================================
JOB DASHBOARD: FCC Cu
============================================================
Output Dir: C:\Users\senji\Desktop\AOTU_cons\aoto_pure_ok\test_twin_modify\outputs\AOTU_run\20251225_201927

>>> [START] Batch Gen
[Struct] 1D_main_000_frac0.0000
  > Desc: 1D Main Slip
  > Atoms: 108
  > Cell: [ 7.66857304  6.64117907 25.04509091]
  > Params: {'frac': '0.0000'}
------------------------------
[Struct] 1D_main_001_frac0.0500
  > Desc: 1D Main Slip
  > Atoms: 108
  > Cell: [ 7.66857304  6.64117907 25.04509091]
  > Params: {'frac': '0.0500'}
------------------------------
[Struct] 1D_main_002_frac0.1000
  > Desc: 1D Main Slip
  > Atoms: 108
  > Cell: [ 7.66857304  6.64117907 25.04509091]
  > Params: {'frac': '0.1000'}
------------------------------
[Struct] 1D_main_003_frac0.1500
  > Desc: 1D Main Slip
  > Atoms: 108
  > Cell: [ 7.66857304  6.64117907 25.04509091]
  > Params: {'frac': '0.1500'}
------------------------------
[Struct] 1D_main_004_frac0.2000
  > Desc: 1D Main Slip
  > Atoms: 108
  > Cell: [ 7.66857304  6.64117907 25.04509091]
  > Params: {'frac': '0.2000'}
------------------------------
[Struct] 1D_main_005_frac0.2500
  > Desc: 1D Main Slip
  > Atoms: 108
  > Cell: [ 7.66857304  6.64117907 25.04509091]
  > Params: {'frac': '0.2500'}
------------------------------
[Struct] 1D_main_006_frac0.3000
  > Desc: 1D Main Slip
  > Atoms: 108
  > Cell: [ 7.66857304  6.64117907 25.04509091]
  > Params: {'frac': '0.3000'}
------------------------------
[Struct] 1D_main_007_frac0.3500
  > Desc: 1D Main Slip
  > Atoms: 108
  > Cell: [ 7.66857304  6.64117907 25.04509091]
  > Params: {'frac': '0.3500'}
------------------------------
[Struct] 1D_main_008_frac0.4000
  > Desc: 1D Main Slip
  > Atoms: 108
  > Cell: [ 7.66857304  6.64117907 25.04509091]
  > Params: {'frac': '0.4000'}
------------------------------
[Struct] 1D_main_009_frac0.4500
  > Desc: 1D Main Slip
  > Atoms: 108
  > Cell: [ 7.66857304  6.64117907 25.04509091]
  > Params: {'frac': '0.4500'}
------------------------------
[Struct] 1D_main_010_frac0.5000
  > Desc: 1D Main Slip
  > Atoms: 108
  > Cell: [ 7.66857304  6.64117907 25.04509091]
  > Params: {'frac': '0.5000'}
------------------------------
[Struct] 1D_main_011_frac0.5500
  > Desc: 1D Main Slip
  > Atoms: 108
  > Cell: [ 7.66857304  6.64117907 25.04509091]
  > Params: {'frac': '0.5500'}
------------------------------
[Struct] 1D_main_012_frac0.6000
  > Desc: 1D Main Slip
  > Atoms: 108
  > Cell: [ 7.66857304  6.64117907 25.04509091]
  > Params: {'frac': '0.6000'}
------------------------------
[Struct] 1D_main_013_frac0.6500
  > Desc: 1D Main Slip
  > Atoms: 108
  > Cell: [ 7.66857304  6.64117907 25.04509091]
  > Params: {'frac': '0.6500'}
------------------------------
[Struct] 1D_main_014_frac0.7000
  > Desc: 1D Main Slip
  > Atoms: 108
  > Cell: [ 7.66857304  6.64117907 25.04509091]
  > Params: {'frac': '0.7000'}
------------------------------
[Struct] 1D_main_015_frac0.7500
  > Desc: 1D Main Slip
  > Atoms: 108
  > Cell: [ 7.66857304  6.64117907 25.04509091]
  > Params: {'frac': '0.7500'}
------------------------------
[Struct] 1D_main_016_frac0.8000
  > Desc: 1D Main Slip
  > Atoms: 108
  > Cell: [ 7.66857304  6.64117907 25.04509091]
  > Params: {'frac': '0.8000'}
------------------------------
[Struct] 1D_main_017_frac0.8500
  > Desc: 1D Main Slip
  > Atoms: 108
  > Cell: [ 7.66857304  6.64117907 25.04509091]
  > Params: {'frac': '0.8500'}
------------------------------
[Struct] 1D_main_018_frac0.9000
  > Desc: 1D Main Slip
  > Atoms: 108
  > Cell: [ 7.66857304  6.64117907 25.04509091]
  > Params: {'frac': '0.9000'}
------------------------------
[Struct] 1D_main_019_frac0.9500
  > Desc: 1D Main Slip
  > Atoms: 108
  > Cell: [ 7.66857304  6.64117907 25.04509091]
  > Params: {'frac': '0.9500'}
------------------------------
[Struct] 1D_main_020_frac1.0000
  > Desc: 1D Main Slip
  > Atoms: 108
  > Cell: [ 7.66857304  6.64117907 25.04509091]
  > Params: {'frac': '1.0000'}
------------------------------
[Struct] 1D_sec_000_frac0.0000
  > Desc: 1D Sec Slip
  > Atoms: 108
  > Cell: [ 7.66857304  6.64117907 25.04509091]
  > Params: {'frac': '0.0000'}
------------------------------
[Struct] 1D_sec_001_frac0.0500
  > Desc: 1D Sec Slip
  > Atoms: 108
  > Cell: [ 7.66857304  6.64117907 25.04509091]
  > Params: {'frac': '0.0500'}
------------------------------
[Struct] 1D_sec_002_frac0.1000
  > Desc: 1D Sec Slip
  > Atoms: 108
  > Cell: [ 7.66857304  6.64117907 25.04509091]
  > Params: {'frac': '0.1000'}
------------------------------
[Struct] 1D_sec_003_frac0.1500
  > Desc: 1D Sec Slip
  > Atoms: 108
  > Cell: [ 7.66857304  6.64117907 25.04509091]
  > Params: {'frac': '0.1500'}
------------------------------
[Struct] 1D_sec_004_frac0.2000
  > Desc: 1D Sec Slip
  > Atoms: 108
  > Cell: [ 7.66857304  6.64117907 25.04509091]
  > Params: {'frac': '0.2000'}
------------------------------
[Struct] 1D_sec_005_frac0.2500
  > Desc: 1D Sec Slip
  > Atoms: 108
  > Cell: [ 7.66857304  6.64117907 25.04509091]
  > Params: {'frac': '0.2500'}
------------------------------
[Struct] 1D_sec_006_frac0.3000
  > Desc: 1D Sec Slip
  > Atoms: 108
  > Cell: [ 7.66857304  6.64117907 25.04509091]
  > Params: {'frac': '0.3000'}
------------------------------
[Struct] 1D_sec_007_frac0.3500
  > Desc: 1D Sec Slip
  > Atoms: 108
  > Cell: [ 7.66857304  6.64117907 25.04509091]
  > Params: {'frac': '0.3500'}
------------------------------
[Struct] 1D_sec_008_frac0.4000
  > Desc: 1D Sec Slip
  > Atoms: 108
  > Cell: [ 7.66857304  6.64117907 25.04509091]
  > Params: {'frac': '0.4000'}
------------------------------
[Struct] 1D_sec_009_frac0.4500
  > Desc: 1D Sec Slip
  > Atoms: 108
  > Cell: [ 7.66857304  6.64117907 25.04509091]
  > Params: {'frac': '0.4500'}
------------------------------
[Struct] 1D_sec_010_frac0.5000
  > Desc: 1D Sec Slip
  > Atoms: 108
  > Cell: [ 7.66857304  6.64117907 25.04509091]
  > Params: {'frac': '0.5000'}
------------------------------
[Struct] 1D_sec_011_frac0.5500
  > Desc: 1D Sec Slip
  > Atoms: 108
  > Cell: [ 7.66857304  6.64117907 25.04509091]
  > Params: {'frac': '0.5500'}
------------------------------
[Struct] 1D_sec_012_frac0.6000
  > Desc: 1D Sec Slip
  > Atoms: 108
  > Cell: [ 7.66857304  6.64117907 25.04509091]
  > Params: {'frac': '0.6000'}
------------------------------
[Struct] 1D_sec_013_frac0.6500
  > Desc: 1D Sec Slip
  > Atoms: 108
  > Cell: [ 7.66857304  6.64117907 25.04509091]
  > Params: {'frac': '0.6500'}
------------------------------
[Struct] 1D_sec_014_frac0.7000
  > Desc: 1D Sec Slip
  > Atoms: 108
  > Cell: [ 7.66857304  6.64117907 25.04509091]
  > Params: {'frac': '0.7000'}
------------------------------
[Struct] 1D_sec_015_frac0.7500
  > Desc: 1D Sec Slip
  > Atoms: 108
  > Cell: [ 7.66857304  6.64117907 25.04509091]
  > Params: {'frac': '0.7500'}
------------------------------
[Struct] 1D_sec_016_frac0.8000
  > Desc: 1D Sec Slip
  > Atoms: 108
  > Cell: [ 7.66857304  6.64117907 25.04509091]
  > Params: {'frac': '0.8000'}
------------------------------
[Struct] 1D_sec_017_frac0.8500
  > Desc: 1D Sec Slip
  > Atoms: 108
  > Cell: [ 7.66857304  6.64117907 25.04509091]
  > Params: {'frac': '0.8500'}
------------------------------
[Struct] 1D_sec_018_frac0.9000
  > Desc: 1D Sec Slip
  > Atoms: 108
  > Cell: [ 7.66857304  6.64117907 25.04509091]
  > Params: {'frac': '0.9000'}
------------------------------
[Struct] 1D_sec_019_frac0.9500
  > Desc: 1D Sec Slip
  > Atoms: 108
  > Cell: [ 7.66857304  6.64117907 25.04509091]
  > Params: {'frac': '0.9500'}
------------------------------
[Struct] 1D_sec_020_frac1.0000
  > Desc: 1D Sec Slip
  > Atoms: 108
  > Cell: [ 7.66857304  6.64117907 25.04509091]
  > Params: {'frac': '1.0000'}
------------------------------
[Struct] 2D_00_00
  > Desc: 2D Surf
  > Atoms: 108
  > Cell: [ 7.66857304  6.64117907 25.04509091]
  > Params: {'fx': '0.000', 'fy': '0.000'}
------------------------------
[Struct] 2D_00_01
  > Desc: 2D Surf
  > Atoms: 108
  > Cell: [ 7.66857304  6.64117907 25.04509091]
  > Params: {'fx': '0.000', 'fy': '0.200'}
------------------------------
[Struct] 2D_00_02
  > Desc: 2D Surf
  > Atoms: 108
  > Cell: [ 7.66857304  6.64117907 25.04509091]
  > Params: {'fx': '0.000', 'fy': '0.400'}
------------------------------
[Struct] 2D_00_03
  > Desc: 2D Surf
  > Atoms: 108
  > Cell: [ 7.66857304  6.64117907 25.04509091]
  > Params: {'fx': '0.000', 'fy': '0.600'}
------------------------------
[Struct] 2D_00_04
  > Desc: 2D Surf
  > Atoms: 108
  > Cell: [ 7.66857304  6.64117907 25.04509091]
  > Params: {'fx': '0.000', 'fy': '0.800'}
------------------------------
[Struct] 2D_00_05
  > Desc: 2D Surf
  > Atoms: 108
  > Cell: [ 7.66857304  6.64117907 25.04509091]
  > Params: {'fx': '0.000', 'fy': '1.000'}
------------------------------
[Struct] 2D_01_00
  > Desc: 2D Surf
  > Atoms: 108
  > Cell: [ 7.66857304  6.64117907 25.04509091]
  > Params: {'fx': '0.200', 'fy': '0.000'}
------------------------------
[Struct] 2D_01_01
  > Desc: 2D Surf
  > Atoms: 108
  > Cell: [ 7.66857304  6.64117907 25.04509091]
  > Params: {'fx': '0.200', 'fy': '0.200'}
------------------------------
[Struct] 2D_01_02
  > Desc: 2D Surf
  > Atoms: 108
  > Cell: [ 7.66857304  6.64117907 25.04509091]
  > Params: {'fx': '0.200', 'fy': '0.400'}
------------------------------
[Struct] 2D_01_03
  > Desc: 2D Surf
  > Atoms: 108
  > Cell: [ 7.66857304  6.64117907 25.04509091]
  > Params: {'fx': '0.200', 'fy': '0.600'}
------------------------------
[Struct] 2D_01_04
  > Desc: 2D Surf
  > Atoms: 108
  > Cell: [ 7.66857304  6.64117907 25.04509091]
  > Params: {'fx': '0.200', 'fy': '0.800'}
------------------------------
[Struct] 2D_01_05
  > Desc: 2D Surf
  > Atoms: 108
  > Cell: [ 7.66857304  6.64117907 25.04509091]
  > Params: {'fx': '0.200', 'fy': '1.000'}
------------------------------
[Struct] 2D_02_00
  > Desc: 2D Surf
  > Atoms: 108
  > Cell: [ 7.66857304  6.64117907 25.04509091]
  > Params: {'fx': '0.400', 'fy': '0.000'}
------------------------------
[Struct] 2D_02_01
  > Desc: 2D Surf
  > Atoms: 108
  > Cell: [ 7.66857304  6.64117907 25.04509091]
  > Params: {'fx': '0.400', 'fy': '0.200'}
------------------------------
[Struct] 2D_02_02
  > Desc: 2D Surf
  > Atoms: 108
  > Cell: [ 7.66857304  6.64117907 25.04509091]
  > Params: {'fx': '0.400', 'fy': '0.400'}
------------------------------
[Struct] 2D_02_03
  > Desc: 2D Surf
  > Atoms: 108
  > Cell: [ 7.66857304  6.64117907 25.04509091]
  > Params: {'fx': '0.400', 'fy': '0.600'}
------------------------------
[Struct] 2D_02_04
  > Desc: 2D Surf
  > Atoms: 108
  > Cell: [ 7.66857304  6.64117907 25.04509091]
  > Params: {'fx': '0.400', 'fy': '0.800'}
------------------------------
[Struct] 2D_02_05
  > Desc: 2D Surf
  > Atoms: 108
  > Cell: [ 7.66857304  6.64117907 25.04509091]
  > Params: {'fx': '0.400', 'fy': '1.000'}
------------------------------
[Struct] 2D_03_00
  > Desc: 2D Surf
  > Atoms: 108
  > Cell: [ 7.66857304  6.64117907 25.04509091]
  > Params: {'fx': '0.600', 'fy': '0.000'}
------------------------------
[Struct] 2D_03_01
  > Desc: 2D Surf
  > Atoms: 108
  > Cell: [ 7.66857304  6.64117907 25.04509091]
  > Params: {'fx': '0.600', 'fy': '0.200'}
------------------------------
[Struct] 2D_03_02
  > Desc: 2D Surf
  > Atoms: 108
  > Cell: [ 7.66857304  6.64117907 25.04509091]
  > Params: {'fx': '0.600', 'fy': '0.400'}
------------------------------
[Struct] 2D_03_03
  > Desc: 2D Surf
  > Atoms: 108
  > Cell: [ 7.66857304  6.64117907 25.04509091]
  > Params: {'fx': '0.600', 'fy': '0.600'}
------------------------------
[Struct] 2D_03_04
  > Desc: 2D Surf
  > Atoms: 108
  > Cell: [ 7.66857304  6.64117907 25.04509091]
  > Params: {'fx': '0.600', 'fy': '0.800'}
------------------------------
[Struct] 2D_03_05
  > Desc: 2D Surf
  > Atoms: 108
  > Cell: [ 7.66857304  6.64117907 25.04509091]
  > Params: {'fx': '0.600', 'fy': '1.000'}
------------------------------
[Struct] 2D_04_00
  > Desc: 2D Surf
  > Atoms: 108
  > Cell: [ 7.66857304  6.64117907 25.04509091]
  > Params: {'fx': '0.800', 'fy': '0.000'}
------------------------------
[Struct] 2D_04_01
  > Desc: 2D Surf
  > Atoms: 108
  > Cell: [ 7.66857304  6.64117907 25.04509091]
  > Params: {'fx': '0.800', 'fy': '0.200'}
------------------------------
[Struct] 2D_04_02
  > Desc: 2D Surf
  > Atoms: 108
  > Cell: [ 7.66857304  6.64117907 25.04509091]
  > Params: {'fx': '0.800', 'fy': '0.400'}
------------------------------
[Struct] 2D_04_03
  > Desc: 2D Surf
  > Atoms: 108
  > Cell: [ 7.66857304  6.64117907 25.04509091]
  > Params: {'fx': '0.800', 'fy': '0.600'}
------------------------------
[Struct] 2D_04_04
  > Desc: 2D Surf
  > Atoms: 108
  > Cell: [ 7.66857304  6.64117907 25.04509091]
  > Params: {'fx': '0.800', 'fy': '0.800'}
------------------------------
[Struct] 2D_04_05
  > Desc: 2D Surf
  > Atoms: 108
  > Cell: [ 7.66857304  6.64117907 25.04509091]
  > Params: {'fx': '0.800', 'fy': '1.000'}
------------------------------
[Struct] 2D_05_00
  > Desc: 2D Surf
  > Atoms: 108
  > Cell: [ 7.66857304  6.64117907 25.04509091]
  > Params: {'fx': '1.000', 'fy': '0.000'}
------------------------------
[Struct] 2D_05_01
  > Desc: 2D Surf
  > Atoms: 108
  > Cell: [ 7.66857304  6.64117907 25.04509091]
  > Params: {'fx': '1.000', 'fy': '0.200'}
------------------------------
[Struct] 2D_05_02
  > Desc: 2D Surf
  > Atoms: 108
  > Cell: [ 7.66857304  6.64117907 25.04509091]
  > Params: {'fx': '1.000', 'fy': '0.400'}
------------------------------
[Struct] 2D_05_03
  > Desc: 2D Surf
  > Atoms: 108
  > Cell: [ 7.66857304  6.64117907 25.04509091]
  > Params: {'fx': '1.000', 'fy': '0.600'}
------------------------------
[Struct] 2D_05_04
  > Desc: 2D Surf
  > Atoms: 108
  > Cell: [ 7.66857304  6.64117907 25.04509091]
  > Params: {'fx': '1.000', 'fy': '0.800'}
------------------------------
[Struct] 2D_05_05
  > Desc: 2D Surf
  > Atoms: 108
  > Cell: [ 7.66857304  6.64117907 25.04509091]
  > Params: {'fx': '1.000', 'fy': '1.000'}
------------------------------
>>> [DONE ] Batch Gen
Done. Logs: C:\Users\senji\Desktop\AOTU_cons\aoto_pure_ok\test_twin_modify\outputs\AOTU_run\20251225_201927\run.log
