
>>> [START] Build Base
[Struct] Base
  > Desc: Initial Matrix
  > Atoms: 108
  > Cell: [ 7.66857304  6.64117907 25.04509091]
------------------------------
>>> [DONE ] Build Base
============================================================
JOB DASHBOARD: FCC Cu
============================================================
Output Dir: C:\Users\senji\Desktop\AOTU_cons\aoto_pure_ok\test_twin_modify\outputs\AOTU_run\20251227_133416

>>> [START] Batch Gen
>>> [DONE ] Batch Gen

>>> [START] Twin Systematic
[Struct] Twin_Single_TB
  > Desc: Single Twin Boundary
  > Atoms: 180
  > Cell: [ 7.66857304  6.64117907 41.74242446]
------------------------------
[Struct] Twin_Double_Sym_Sp0.21nm_1L
  > Desc: Double Twin Symmetric
  > Atoms: 27
  > Cell: [7.66857304 6.64117907 6.26136367]
  > Params: {'spacing': '0.21nm', 'layers': 1}
------------------------------
[Struct] Twin_Double_Sym_Sp0.42nm_2L
  > Desc: Double Twin Symmetric
  > Atoms: 54
  > Cell: [ 7.66857304  6.64117907 12.52272734]
  > Params: {'spacing': '0.42nm', 'layers': 2}
------------------------------
[Struct] Twin_Double_Sym_Sp0.63nm_3L
  > Desc: Double Twin Symmetric
  > Atoms: 81
  > Cell: [ 7.66857304  6.64117907 18.78409101]
  > Params: {'spacing': '0.63nm', 'layers': 3}
------------------------------
[Struct] Twin_Double_Sym_Sp0.83nm_4L
  > Desc: Double Twin Symmetric
  > Atoms: 108
  > Cell: [ 7.66857304  6.64117907 25.04545468]
  > Params: {'spacing': '0.83nm', 'layers': 4}
------------------------------
[Struct] Twin_Double_Sym_Sp1.04nm_5L
  > Desc: Double Twin Symmetric
  > Atoms: 135
  > Cell: [ 7.66857304  6.64117907 31.30681835]
  > Params: {'spacing': '1.04nm', 'layers': 5}
------------------------------
[Struct] Twin_Double_Sym_Sp1.25nm_6L
  > Desc: Double Twin Symmetric
  > Atoms: 162
  > Cell: [ 7.66857304  6.64117907 37.56818202]
  > Params: {'spacing': '1.25nm', 'layers': 6}
------------------------------
[Struct] Twin_Double_Sym_Sp1.46nm_7L
  > Desc: Double Twin Symmetric
  > Atoms: 189
  > Cell: [ 7.66857304  6.64117907 43.82954569]
  > Params: {'spacing': '1.46nm', 'layers': 7}
------------------------------
[Struct] Twin_Double_Sym_Sp1.67nm_8L
  > Desc: Double Twin Symmetric
  > Atoms: 216
  > Cell: [ 7.66857304  6.64117907 50.09090935]
  > Params: {'spacing': '1.67nm', 'layers': 8}
------------------------------
[Struct] Twin_Double_Sym_Sp1.88nm_9L
  > Desc: Double Twin Symmetric
  > Atoms: 243
  > Cell: [ 7.66857304  6.64117907 56.35227302]
  > Params: {'spacing': '1.88nm', 'layers': 9}
------------------------------
[Struct] Twin_Double_Sym_Sp2.09nm_10L
  > Desc: Double Twin Symmetric
  > Atoms: 270
  > Cell: [ 7.66857304  6.64117907 62.61363669]
  > Params: {'spacing': '2.09nm', 'layers': 10}
------------------------------
[Struct] Twin_Double_Sym_Sp2.30nm_11L
  > Desc: Double Twin Symmetric
  > Atoms: 297
  > Cell: [ 7.66857304  6.64117907 68.87500036]
  > Params: {'spacing': '2.30nm', 'layers': 11}
------------------------------
[Struct] Twin_Double_Sym_Sp2.50nm_12L
  > Desc: Double Twin Symmetric
  > Atoms: 324
  > Cell: [ 7.66857304  6.64117907 75.13636403]
  > Params: {'spacing': '2.50nm', 'layers': 12}
------------------------------
[Struct] Twin_Double_Sym_Sp2.71nm_13L
  > Desc: Double Twin Symmetric
  > Atoms: 351
  > Cell: [ 7.66857304  6.64117907 81.3977277 ]
  > Params: {'spacing': '2.71nm', 'layers': 13}
------------------------------
[Struct] Twin_Double_Sym_Sp2.92nm_14L
  > Desc: Double Twin Symmetric
  > Atoms: 378
  > Cell: [ 7.66857304  6.64117907 87.65909137]
  > Params: {'spacing': '2.92nm', 'layers': 14}
------------------------------
[Struct] Twin_Double_Sym_Sp3.13nm_15L
  > Desc: Double Twin Symmetric
  > Atoms: 405
  > Cell: [ 7.66857304  6.64117907 93.92045504]
  > Params: {'spacing': '3.13nm', 'layers': 15}
------------------------------
[Struct] Twin_Double_FixedTotal30L_Inner0.21nm_OuterAvg3.03nm_1L
  > Desc: Double Twin Fixed Total
  > Atoms: 270
  > Cell: [ 7.66857304  6.64117907 62.61363669]
  > Params: {'inner': '0.21nm', 'outer_bot': '2.92nm', 'outer_top': '3.13nm'}
------------------------------
[Struct] Twin_Double_FixedTotal30L_Inner0.42nm_OuterAvg2.92nm_2L
  > Desc: Double Twin Fixed Total
  > Atoms: 270
  > Cell: [ 7.66857304  6.64117907 62.61363669]
  > Params: {'inner': '0.42nm', 'outer_bot': '2.92nm', 'outer_top': '2.92nm'}
------------------------------
[Struct] Twin_Double_FixedTotal30L_Inner0.63nm_OuterAvg2.82nm_3L
  > Desc: Double Twin Fixed Total
  > Atoms: 270
  > Cell: [ 7.66857304  6.64117907 62.61363669]
  > Params: {'inner': '0.63nm', 'outer_bot': '2.71nm', 'outer_top': '2.92nm'}
------------------------------
[Struct] Twin_Double_FixedTotal30L_Inner0.83nm_OuterAvg2.71nm_4L
  > Desc: Double Twin Fixed Total
  > Atoms: 270
  > Cell: [ 7.66857304  6.64117907 62.61363669]
  > Params: {'inner': '0.83nm', 'outer_bot': '2.71nm', 'outer_top': '2.71nm'}
------------------------------
[Struct] Twin_Double_FixedTotal30L_Inner1.04nm_OuterAvg2.61nm_5L
  > Desc: Double Twin Fixed Total
  > Atoms: 270
  > Cell: [ 7.66857304  6.64117907 62.61363669]
  > Params: {'inner': '1.04nm', 'outer_bot': '2.50nm', 'outer_top': '2.71nm'}
------------------------------
[Struct] Twin_Double_FixedTotal30L_Inner1.25nm_OuterAvg2.50nm_6L
  > Desc: Double Twin Fixed Total
  > Atoms: 270
  > Cell: [ 7.66857304  6.64117907 62.61363669]
  > Params: {'inner': '1.25nm', 'outer_bot': '2.50nm', 'outer_top': '2.50nm'}
------------------------------
[Struct] Twin_Double_FixedTotal30L_Inner1.46nm_OuterAvg2.40nm_7L
  > Desc: Double Twin Fixed Total
  > Atoms: 270
  > Cell: [ 7.66857304  6.64117907 62.61363669]
  > Params: {'inner': '1.46nm', 'outer_bot': '2.30nm', 'outer_top': '2.50nm'}
------------------------------
[Struct] Twin_Double_FixedTotal30L_Inner1.67nm_OuterAvg2.30nm_8L
  > Desc: Double Twin Fixed Total
  > Atoms: 270
  > Cell: [ 7.66857304  6.64117907 62.61363669]
  > Params: {'inner': '1.67nm', 'outer_bot': '2.30nm', 'outer_top': '2.30nm'}
------------------------------
[Struct] Twin_Double_FixedTotal30L_Inner1.88nm_OuterAvg2.19nm_9L
  > Desc: Double Twin Fixed Total
  > Atoms: 270
  > Cell: [ 7.66857304  6.64117907 62.61363669]
  > Params: {'inner': '1.88nm', 'outer_bot': '2.09nm', 'outer_top': '2.30nm'}
------------------------------
[Struct] Twin_Double_FixedTotal30L_Inner2.09nm_OuterAvg2.09nm_10L
  > Desc: Double Twin Fixed Total
  > Atoms: 270
  > Cell: [ 7.66857304  6.64117907 62.61363669]
  > Params: {'inner': '2.09nm', 'outer_bot': '2.09nm', 'outer_top': '2.09nm'}
------------------------------
[Struct] Twin_Double_FixedTotal30L_Inner2.30nm_OuterAvg1.98nm_11L
  > Desc: Double Twin Fixed Total
  > Atoms: 270
  > Cell: [ 7.66857304  6.64117907 62.61363669]
  > Params: {'inner': '2.30nm', 'outer_bot': '1.88nm', 'outer_top': '2.09nm'}
------------------------------
[Struct] Twin_Double_FixedTotal30L_Inner2.50nm_OuterAvg1.88nm_12L
  > Desc: Double Twin Fixed Total
  > Atoms: 270
  > Cell: [ 7.66857304  6.64117907 62.61363669]
  > Params: {'inner': '2.50nm', 'outer_bot': '1.88nm', 'outer_top': '1.88nm'}
------------------------------
[Struct] Twin_Double_FixedTotal30L_Inner2.71nm_OuterAvg1.77nm_13L
  > Desc: Double Twin Fixed Total
  > Atoms: 270
  > Cell: [ 7.66857304  6.64117907 62.61363669]
  > Params: {'inner': '2.71nm', 'outer_bot': '1.67nm', 'outer_top': '1.88nm'}
------------------------------
[Struct] Twin_Double_FixedTotal30L_Inner2.92nm_OuterAvg1.67nm_14L
  > Desc: Double Twin Fixed Total
  > Atoms: 270
  > Cell: [ 7.66857304  6.64117907 62.61363669]
  > Params: {'inner': '2.92nm', 'outer_bot': '1.67nm', 'outer_top': '1.67nm'}
------------------------------
[Struct] Twin_Double_FixedTotal30L_Inner3.13nm_OuterAvg1.57nm_15L
  > Desc: Double Twin Fixed Total
  > Atoms: 270
  > Cell: [ 7.66857304  6.64117907 62.61363669]
  > Params: {'inner': '3.13nm', 'outer_bot': '1.46nm', 'outer_top': '1.67nm'}
------------------------------
>>> [DONE ] Twin Systematic
Done. Logs: C:\Users\senji\Desktop\AOTU_cons\aoto_pure_ok\test_twin_modify\outputs\AOTU_run\20251227_133416\run.log
