
>>> [START] Build Base
[Struct] Base
  > Desc: Initial Matrix
  > Atoms: 108
  > Cell: [ 7.66857304  6.64117907 25.04545468]
------------------------------
>>> [DONE ] Build Base
============================================================
JOB DASHBOARD: FCC Cu
============================================================
Output Dir: C:\Users\senji\Desktop\AOTU_cons\aoto_pure_ok\test_twin_modify\outputs\AOTU_run\20251228_210223

>>> [START] Batch Gen
[Struct] 1D_main_008_frac0.4000
  > Desc: 1D Main Slip
  > Atoms: 108
  > Cell: [ 7.66857304  6.64117907 25.04545468]
  > Params: {'frac': '0.4000'}
------------------------------
[Struct] 1D_main_009_frac0.4500
  > Desc: 1D Main Slip
  > Atoms: 108
  > Cell: [ 7.66857304  6.64117907 25.04545468]
  > Params: {'frac': '0.4500'}
------------------------------
[Struct] 1D_main_010_frac0.5000
  > Desc: 1D Main Slip
  > Atoms: 108
  > Cell: [ 7.66857304  6.64117907 25.04545468]
  > Params: {'frac': '0.5000'}
------------------------------
[Struct] 1D_main_011_frac0.5500
  > Desc: 1D Main Slip
  > Atoms: 108
  > Cell: [ 7.66857304  6.64117907 25.04545468]
  > Params: {'frac': '0.5500'}
------------------------------
[Struct] 1D_main_012_frac0.6000
  > Desc: 1D Main Slip
  > Atoms: 108
  > Cell: [ 7.66857304  6.64117907 25.04545468]
  > Params: {'frac': '0.6000'}
------------------------------
[Struct] 1D_main_013_frac0.6500
  > Desc: 1D Main Slip
  > Atoms: 108
  > Cell: [ 7.66857304  6.64117907 25.04545468]
  > Params: {'frac': '0.6500'}
------------------------------
[Struct] 1D_main_014_frac0.7000
  > Desc: 1D Main Slip
  > Atoms: 108
  > Cell: [ 7.66857304  6.64117907 25.04545468]
  > Params: {'frac': '0.7000'}
------------------------------
[Struct] 1D_main_015_frac0.7500
  > Desc: 1D Main Slip
  > Atoms: 108
  > Cell: [ 7.66857304  6.64117907 25.04545468]
  > Params: {'frac': '0.7500'}
------------------------------
[Struct] 1D_main_016_frac0.8000
  > Desc: 1D Main Slip
  > Atoms: 108
  > Cell: [ 7.66857304  6.64117907 25.04545468]
  > Params: {'frac': '0.8000'}
------------------------------
[Struct] 1D_main_017_frac0.8500
  > Desc: 1D Main Slip
  > Atoms: 108
  > Cell: [ 7.66857304  6.64117907 25.04545468]
  > Params: {'frac': '0.8500'}
------------------------------
[Struct] 1D_main_018_frac0.9000
  > Desc: 1D Main Slip
  > Atoms: 108
  > Cell: [ 7.66857304  6.64117907 25.04545468]
  > Params: {'frac': '0.9000'}
------------------------------
[Struct] 1D_main_019_frac0.9500
  > Desc: 1D Main Slip
  > Atoms: 108
  > Cell: [ 7.66857304  6.64117907 25.04545468]
  > Params: {'frac': '0.9500'}
------------------------------
[Struct] 1D_main_020_frac1.0000
  > Desc: 1D Main Slip
  > Atoms: 108
  > Cell: [ 7.66857304  6.64117907 25.04545468]
  > Params: {'frac': '1.0000'}
------------------------------
[Struct] 1D_sec_000_frac0.0000
  > Desc: 1D Sec Slip
  > Atoms: 108
  > Cell: [ 7.66857304  6.64117907 25.04545468]
  > Params: {'frac': '0.0000'}
------------------------------
[Struct] 1D_sec_001_frac0.0500
  > Desc: 1D Sec Slip
  > Atoms: 108
  > Cell: [ 7.66857304  6.64117907 25.04545468]
  > Params: {'frac': '0.0500'}
------------------------------
[Struct] 1D_sec_002_frac0.1000
  > Desc: 1D Sec Slip
  > Atoms: 108
  > Cell: [ 7.66857304  6.64117907 25.04545468]
  > Params: {'frac': '0.1000'}
------------------------------
[Struct] 1D_sec_003_frac0.1500
  > Desc: 1D Sec Slip
  > Atoms: 108
  > Cell: [ 7.66857304  6.64117907 25.04545468]
  > Params: {'frac': '0.1500'}
------------------------------
[Struct] 1D_sec_004_frac0.2000
  > Desc: 1D Sec Slip
  > Atoms: 108
  > Cell: [ 7.66857304  6.64117907 25.04545468]
  > Params: {'frac': '0.2000'}
------------------------------
[Struct] 1D_sec_005_frac0.2500
  > Desc: 1D Sec Slip
  > Atoms: 108
  > Cell: [ 7.66857304  6.64117907 25.04545468]
  > Params: {'frac': '0.2500'}
------------------------------
[Struct] 1D_sec_006_frac0.3000
  > Desc: 1D Sec Slip
  > Atoms: 108
  > Cell: [ 7.66857304  6.64117907 25.04545468]
  > Params: {'frac': '0.3000'}
------------------------------
[Struct] 1D_sec_007_frac0.3500
  > Desc: 1D Sec Slip
  > Atoms: 108
  > Cell: [ 7.66857304  6.64117907 25.04545468]
  > Params: {'frac': '0.3500'}
------------------------------
[Struct] 1D_sec_008_frac0.4000
  > Desc: 1D Sec Slip
  > Atoms: 108
  > Cell: [ 7.66857304  6.64117907 25.04545468]
  > Params: {'frac': '0.4000'}
------------------------------
[Struct] 1D_sec_009_frac0.4500
  > Desc: 1D Sec Slip
  > Atoms: 108
  > Cell: [ 7.66857304  6.64117907 25.04545468]
  > Params: {'frac': '0.4500'}
------------------------------
[Struct] 1D_sec_010_frac0.5000
  > Desc: 1D Sec Slip
  > Atoms: 108
  > Cell: [ 7.66857304  6.64117907 25.04545468]
  > Params: {'frac': '0.5000'}
------------------------------
[Struct] 1D_sec_011_frac0.5500
  > Desc: 1D Sec Slip
  > Atoms: 108
  > Cell: [ 7.66857304  6.64117907 25.04545468]
  > Params: {'frac': '0.5500'}
------------------------------
[Struct] 1D_sec_012_frac0.6000
  > Desc: 1D Sec Slip
  > Atoms: 108
  > Cell: [ 7.66857304  6.64117907 25.04545468]
  > Params: {'frac': '0.6000'}
------------------------------
[Struct] 1D_sec_013_frac0.6500
  > Desc: 1D Sec Slip
  > Atoms: 108
  > Cell: [ 7.66857304  6.64117907 25.04545468]
  > Params: {'frac': '0.6500'}
------------------------------
[Struct] 1D_sec_014_frac0.7000
  > Desc: 1D Sec Slip
  > Atoms: 108
  > Cell: [ 7.66857304  6.64117907 25.04545468]
  > Params: {'frac': '0.7000'}
------------------------------
[Struct] 1D_sec_015_frac0.7500
  > Desc: 1D Sec Slip
  > Atoms: 108
  > Cell: [ 7.66857304  6.64117907 25.04545468]
  > Params: {'frac': '0.7500'}
------------------------------
[Struct] 1D_sec_016_frac0.8000
  > Desc: 1D Sec Slip
  > Atoms: 108
  > Cell: [ 7.66857304  6.64117907 25.04545468]
  > Params: {'frac': '0.8000'}
------------------------------
[Struct] 1D_sec_017_frac0.8500
  > Desc: 1D Sec Slip
  > Atoms: 108
  > Cell: [ 7.66857304  6.64117907 25.04545468]
  > Params: {'frac': '0.8500'}
------------------------------
[Struct] 1D_sec_018_frac0.9000
  > Desc: 1D Sec Slip
  > Atoms: 108
  > Cell: [ 7.66857304  6.64117907 25.04545468]
  > Params: {'frac': '0.9000'}
------------------------------
[Struct] 1D_sec_019_frac0.9500
  > Desc: 1D Sec Slip
  > Atoms: 108
  > Cell: [ 7.66857304  6.64117907 25.04545468]
  > Params: {'frac': '0.9500'}
------------------------------
[Struct] 1D_sec_020_frac1.0000
  > Desc: 1D Sec Slip
  > Atoms: 108
  > Cell: [ 7.66857304  6.64117907 25.04545468]
  > Params: {'frac': '1.0000'}
------------------------------
[Struct] 2D_00_00
  > Desc: 2D Surf
  > Atoms: 108
  > Cell: [ 7.66857304  6.64117907 25.04545468]
  > Params: {'fx': '0.000', 'fy': '0.000'}
------------------------------
[Struct] 2D_00_01
  > Desc: 2D Surf
  > Atoms: 108
  > Cell: [ 7.66857304  6.64117907 25.04545468]
  > Params: {'fx': '0.000', 'fy': '0.200'}
------------------------------
[Struct] 2D_00_02
  > Desc: 2D Surf
  > Atoms: 108
  > Cell: [ 7.66857304  6.64117907 25.04545468]
  > Params: {'fx': '0.000', 'fy': '0.400'}
------------------------------
[Struct] 2D_00_03
  > Desc: 2D Surf
  > Atoms: 108
  > Cell: [ 7.66857304  6.64117907 25.04545468]
  > Params: {'fx': '0.000', 'fy': '0.600'}
------------------------------
[Struct] 2D_00_04
  > Desc: 2D Surf
  > Atoms: 108
  > Cell: [ 7.66857304  6.64117907 25.04545468]
  > Params: {'fx': '0.000', 'fy': '0.800'}
------------------------------
[Struct] 2D_00_05
  > Desc: 2D Surf
  > Atoms: 108
  > Cell: [ 7.66857304  6.64117907 25.04545468]
  > Params: {'fx': '0.000', 'fy': '1.000'}
------------------------------
[Struct] 2D_01_00
  > Desc: 2D Surf
  > Atoms: 108
  > Cell: [ 7.66857304  6.64117907 25.04545468]
  > Params: {'fx': '0.200', 'fy': '0.000'}
------------------------------
[Struct] 2D_01_01
  > Desc: 2D Surf
  > Atoms: 108
  > Cell: [ 7.66857304  6.64117907 25.04545468]
  > Params: {'fx': '0.200', 'fy': '0.200'}
------------------------------
[Struct] 2D_01_02
  > Desc: 2D Surf
  > Atoms: 108
  > Cell: [ 7.66857304  6.64117907 25.04545468]
  > Params: {'fx': '0.200', 'fy': '0.400'}
------------------------------
[Struct] 2D_01_03
  > Desc: 2D Surf
  > Atoms: 108
  > Cell: [ 7.66857304  6.64117907 25.04545468]
  > Params: {'fx': '0.200', 'fy': '0.600'}
------------------------------
[Struct] 2D_01_04
  > Desc: 2D Surf
  > Atoms: 108
  > Cell: [ 7.66857304  6.64117907 25.04545468]
  > Params: {'fx': '0.200', 'fy': '0.800'}
------------------------------
[Struct] 2D_01_05
  > Desc: 2D Surf
  > Atoms: 108
  > Cell: [ 7.66857304  6.64117907 25.04545468]
  > Params: {'fx': '0.200', 'fy': '1.000'}
------------------------------
[Struct] 2D_02_00
  > Desc: 2D Surf
  > Atoms: 108
  > Cell: [ 7.66857304  6.64117907 25.04545468]
  > Params: {'fx': '0.400', 'fy': '0.000'}
------------------------------
[Struct] 2D_02_01
  > Desc: 2D Surf
  > Atoms: 108
  > Cell: [ 7.66857304  6.64117907 25.04545468]
  > Params: {'fx': '0.400', 'fy': '0.200'}
------------------------------
[Struct] 2D_02_02
  > Desc: 2D Surf
  > Atoms: 108
  > Cell: [ 7.66857304  6.64117907 25.04545468]
  > Params: {'fx': '0.400', 'fy': '0.400'}
------------------------------
[Struct] 2D_02_03
  > Desc: 2D Surf
  > Atoms: 108
  > Cell: [ 7.66857304  6.64117907 25.04545468]
  > Params: {'fx': '0.400', 'fy': '0.600'}
------------------------------
[Struct] 2D_02_04
  > Desc: 2D Surf
  > Atoms: 108
  > Cell: [ 7.66857304  6.64117907 25.04545468]
  > Params: {'fx': '0.400', 'fy': '0.800'}
------------------------------
[Struct] 2D_02_05
  > Desc: 2D Surf
  > Atoms: 108
  > Cell: [ 7.66857304  6.64117907 25.04545468]
  > Params: {'fx': '0.400', 'fy': '1.000'}
------------------------------
[Struct] 2D_03_00
  > Desc: 2D Surf
  > Atoms: 108
  > Cell: [ 7.66857304  6.64117907 25.04545468]
  > Params: {'fx': '0.600', 'fy': '0.000'}
------------------------------
[Struct] 2D_03_01
  > Desc: 2D Surf
  > Atoms: 108
  > Cell: [ 7.66857304  6.64117907 25.04545468]
  > Params: {'fx': '0.600', 'fy': '0.200'}
------------------------------
[Struct] 2D_03_02
  > Desc: 2D Surf
  > Atoms: 108
  > Cell: [ 7.66857304  6.64117907 25.04545468]
  > Params: {'fx': '0.600', 'fy': '0.400'}
------------------------------
[Struct] 2D_03_03
  > Desc: 2D Surf
  > Atoms: 108
  > Cell: [ 7.66857304  6.64117907 25.04545468]
  > Params: {'fx': '0.600', 'fy': '0.600'}
------------------------------
[Struct] 2D_03_04
  > Desc: 2D Surf
  > Atoms: 108
  > Cell: [ 7.66857304  6.64117907 25.04545468]
  > Params: {'fx': '0.600', 'fy': '0.800'}
------------------------------
[Struct] 2D_03_05
  > Desc: 2D Surf
  > Atoms: 108
  > Cell: [ 7.66857304  6.64117907 25.04545468]
  > Params: {'fx': '0.600', 'fy': '1.000'}
------------------------------
[Struct] 2D_04_00
  > Desc: 2D Surf
  > Atoms: 108
  > Cell: [ 7.66857304  6.64117907 25.04545468]
  > Params: {'fx': '0.800', 'fy': '0.000'}
------------------------------
[Struct] 2D_04_01
  > Desc: 2D Surf
  > Atoms: 108
  > Cell: [ 7.66857304  6.64117907 25.04545468]
  > Params: {'fx': '0.800', 'fy': '0.200'}
------------------------------
[Struct] 2D_04_02
  > Desc: 2D Surf
  > Atoms: 108
  > Cell: [ 7.66857304  6.64117907 25.04545468]
  > Params: {'fx': '0.800', 'fy': '0.400'}
------------------------------
[Struct] 2D_04_03
  > Desc: 2D Surf
  > Atoms: 108
  > Cell: [ 7.66857304  6.64117907 25.04545468]
  > Params: {'fx': '0.800', 'fy': '0.600'}
------------------------------
[Struct] 2D_04_04
  > Desc: 2D Surf
  > Atoms: 108
  > Cell: [ 7.66857304  6.64117907 25.04545468]
  > Params: {'fx': '0.800', 'fy': '0.800'}
------------------------------
[Struct] 2D_04_05
  > Desc: 2D Surf
  > Atoms: 108
  > Cell: [ 7.66857304  6.64117907 25.04545468]
  > Params: {'fx': '0.800', 'fy': '1.000'}
------------------------------
[Struct] 2D_05_00
  > Desc: 2D Surf
  > Atoms: 108
  > Cell: [ 7.66857304  6.64117907 25.04545468]
  > Params: {'fx': '1.000', 'fy': '0.000'}
------------------------------
[Struct] 2D_05_01
  > Desc: 2D Surf
  > Atoms: 108
  > Cell: [ 7.66857304  6.64117907 25.04545468]
  > Params: {'fx': '1.000', 'fy': '0.200'}
------------------------------
[Struct] 2D_05_02
  > Desc: 2D Surf
  > Atoms: 108
  > Cell: [ 7.66857304  6.64117907 25.04545468]
  > Params: {'fx': '1.000', 'fy': '0.400'}
------------------------------
[Struct] 2D_05_03
  > Desc: 2D Surf
  > Atoms: 108
  > Cell: [ 7.66857304  6.64117907 25.04545468]
  > Params: {'fx': '1.000', 'fy': '0.600'}
------------------------------
[Struct] 2D_05_04
  > Desc: 2D Surf
  > Atoms: 108
  > Cell: [ 7.66857304  6.64117907 25.04545468]
  > Params: {'fx': '1.000', 'fy': '0.800'}
------------------------------
[Struct] 2D_05_05
  > Desc: 2D Surf
  > Atoms: 108
  > Cell: [ 7.66857304  6.64117907 25.04545468]
  > Params: {'fx': '1.000', 'fy': '1.000'}
------------------------------
>>> [DONE ] Batch Gen

>>> [START] Twin Systematic
[Struct] Twin_Single_TB
  > Desc: Single Twin Boundary
  > Atoms: 180
  > Cell: [ 7.66857304  6.64117907 41.74242446]
------------------------------
[Struct] Twin_Double_Sym_Sp0.21nm_1L
  > Desc: Double Twin Symmetric
  > Atoms: 27
  > Cell: [7.66857304 6.64117907 6.26136367]
  > Params: {'spacing': '0.21nm', 'layers': 1}
------------------------------
[Struct] Twin_Double_Sym_Sp0.42nm_2L
  > Desc: Double Twin Symmetric
  > Atoms: 54
  > Cell: [ 7.66857304  6.64117907 12.52272734]
  > Params: {'spacing': '0.42nm', 'layers': 2}
------------------------------
[Struct] Twin_Double_Sym_Sp0.63nm_3L
  > Desc: Double Twin Symmetric
  > Atoms: 81
  > Cell: [ 7.66857304  6.64117907 18.78409101]
  > Params: {'spacing': '0.63nm', 'layers': 3}
------------------------------
[Struct] Twin_Double_Sym_Sp0.83nm_4L
  > Desc: Double Twin Symmetric
  > Atoms: 108
  > Cell: [ 7.66857304  6.64117907 25.04545468]
  > Params: {'spacing': '0.83nm', 'layers': 4}
------------------------------
[Struct] Twin_Double_Sym_Sp1.04nm_5L
  > Desc: Double Twin Symmetric
  > Atoms: 135
  > Cell: [ 7.66857304  6.64117907 31.30681835]
  > Params: {'spacing': '1.04nm', 'layers': 5}
------------------------------
[Struct] Twin_Double_Sym_Sp1.25nm_6L
  > Desc: Double Twin Symmetric
  > Atoms: 162
  > Cell: [ 7.66857304  6.64117907 37.56818202]
  > Params: {'spacing': '1.25nm', 'layers': 6}
------------------------------
[Struct] Twin_Double_Sym_Sp1.46nm_7L
  > Desc: Double Twin Symmetric
  > Atoms: 189
  > Cell: [ 7.66857304  6.64117907 43.82954569]
  > Params: {'spacing': '1.46nm', 'layers': 7}
------------------------------
[Struct] Twin_Double_Sym_Sp1.67nm_8L
  > Desc: Double Twin Symmetric
  > Atoms: 216
  > Cell: [ 7.66857304  6.64117907 50.09090935]
  > Params: {'spacing': '1.67nm', 'layers': 8}
------------------------------
[Struct] Twin_Double_Sym_Sp1.88nm_9L
  > Desc: Double Twin Symmetric
  > Atoms: 243
  > Cell: [ 7.66857304  6.64117907 56.35227302]
  > Params: {'spacing': '1.88nm', 'layers': 9}
------------------------------
[Struct] Twin_Double_Sym_Sp2.09nm_10L
  > Desc: Double Twin Symmetric
  > Atoms: 270
  > Cell: [ 7.66857304  6.64117907 62.61363669]
  > Params: {'spacing': '2.09nm', 'layers': 10}
------------------------------
[Struct] Twin_Double_Sym_Sp2.30nm_11L
  > Desc: Double Twin Symmetric
  > Atoms: 297
  > Cell: [ 7.66857304  6.64117907 68.87500036]
  > Params: {'spacing': '2.30nm', 'layers': 11}
------------------------------
[Struct] Twin_Double_Sym_Sp2.50nm_12L
  > Desc: Double Twin Symmetric
  > Atoms: 324
  > Cell: [ 7.66857304  6.64117907 75.13636403]
  > Params: {'spacing': '2.50nm', 'layers': 12}
------------------------------
[Struct] Twin_Double_Sym_Sp2.71nm_13L
  > Desc: Double Twin Symmetric
  > Atoms: 351
  > Cell: [ 7.66857304  6.64117907 81.3977277 ]
  > Params: {'spacing': '2.71nm', 'layers': 13}
------------------------------
[Struct] Twin_Double_Sym_Sp2.92nm_14L
  > Desc: Double Twin Symmetric
  > Atoms: 378
  > Cell: [ 7.66857304  6.64117907 87.65909137]
  > Params: {'spacing': '2.92nm', 'layers': 14}
------------------------------
[Struct] Twin_Double_Sym_Sp3.13nm_15L
  > Desc: Double Twin Symmetric
  > Atoms: 405
  > Cell: [ 7.66857304  6.64117907 93.92045504]
  > Params: {'spacing': '3.13nm', 'layers': 15}
------------------------------
[Struct] Twin_Double_Asym_Inner0.21nm_Outer2.09nm_1L
  > Desc: Double Twin Asymmetric
  > Atoms: 189
  > Cell: [ 7.66857304  6.64117907 43.82954569]
  > Params: {'inner': '0.21nm', 'outer': '2.09nm'}
------------------------------
[Struct] Twin_Double_Asym_Inner0.42nm_Outer2.09nm_2L
  > Desc: Double Twin Asymmetric
  > Atoms: 198
  > Cell: [ 7.66857304  6.64117907 45.91666691]
  > Params: {'inner': '0.42nm', 'outer': '2.09nm'}
------------------------------
[Struct] Twin_Double_Asym_Inner0.63nm_Outer2.09nm_3L
  > Desc: Double Twin Asymmetric
  > Atoms: 207
  > Cell: [ 7.66857304  6.64117907 48.00378813]
  > Params: {'inner': '0.63nm', 'outer': '2.09nm'}
------------------------------
[Struct] Twin_Double_Asym_Inner0.83nm_Outer2.09nm_4L
  > Desc: Double Twin Asymmetric
  > Atoms: 216
  > Cell: [ 7.66857304  6.64117907 50.09090935]
  > Params: {'inner': '0.83nm', 'outer': '2.09nm'}
------------------------------
[Struct] Twin_Double_Asym_Inner1.04nm_Outer2.09nm_5L
  > Desc: Double Twin Asymmetric
  > Atoms: 225
  > Cell: [ 7.66857304  6.64117907 52.17803058]
  > Params: {'inner': '1.04nm', 'outer': '2.09nm'}
------------------------------
[Struct] Twin_Double_Asym_Inner1.25nm_Outer2.09nm_6L
  > Desc: Double Twin Asymmetric
  > Atoms: 234
  > Cell: [ 7.66857304  6.64117907 54.2651518 ]
  > Params: {'inner': '1.25nm', 'outer': '2.09nm'}
------------------------------
[Struct] Twin_Double_Asym_Inner1.46nm_Outer2.09nm_7L
  > Desc: Double Twin Asymmetric
  > Atoms: 243
  > Cell: [ 7.66857304  6.64117907 56.35227302]
  > Params: {'inner': '1.46nm', 'outer': '2.09nm'}
------------------------------
[Struct] Twin_Double_Asym_Inner1.67nm_Outer2.09nm_8L
  > Desc: Double Twin Asymmetric
  > Atoms: 252
  > Cell: [ 7.66857304  6.64117907 58.43939425]
  > Params: {'inner': '1.67nm', 'outer': '2.09nm'}
------------------------------
[Struct] Twin_Double_Asym_Inner1.88nm_Outer2.09nm_9L
  > Desc: Double Twin Asymmetric
  > Atoms: 261
  > Cell: [ 7.66857304  6.64117907 60.52651547]
  > Params: {'inner': '1.88nm', 'outer': '2.09nm'}
------------------------------
[Struct] Twin_Double_Asym_Inner2.30nm_Outer2.09nm_11L
  > Desc: Double Twin Asymmetric
  > Atoms: 279
  > Cell: [ 7.66857304  6.64117907 64.70075792]
  > Params: {'inner': '2.30nm', 'outer': '2.09nm'}
------------------------------
[Struct] Twin_Double_Asym_Inner2.50nm_Outer2.09nm_12L
  > Desc: Double Twin Asymmetric
  > Atoms: 288
  > Cell: [ 7.66857304  6.64117907 66.78787914]
  > Params: {'inner': '2.50nm', 'outer': '2.09nm'}
------------------------------
[Struct] Twin_Double_Asym_Inner2.71nm_Outer2.09nm_13L
  > Desc: Double Twin Asymmetric
  > Atoms: 297
  > Cell: [ 7.66857304  6.64117907 68.87500036]
  > Params: {'inner': '2.71nm', 'outer': '2.09nm'}
------------------------------
[Struct] Twin_Double_Asym_Inner2.92nm_Outer2.09nm_14L
  > Desc: Double Twin Asymmetric
  > Atoms: 306
  > Cell: [ 7.66857304  6.64117907 70.96212159]
  > Params: {'inner': '2.92nm', 'outer': '2.09nm'}
------------------------------
[Struct] Twin_Double_Asym_Inner3.13nm_Outer2.09nm_15L
  > Desc: Double Twin Asymmetric
  > Atoms: 315
  > Cell: [ 7.66857304  6.64117907 73.04924281]
  > Params: {'inner': '3.13nm', 'outer': '2.09nm'}
------------------------------
>>> [DONE ] Twin Systematic
Done. Logs: C:\Users\senji\Desktop\AOTU_cons\aoto_pure_ok\test_twin_modify\outputs\AOTU_run\20251228_210223\run.log
